// Jest Snapshot v1, https://goo.gl/fbAQLP

exports[`<Dropdown /> should correctly render the dropdown component 1`] = `
.c2 {
  position: relative;
  height: 56px;
  width: -webkit-max-content;
  width: -moz-max-content;
  width: max-content;
  max-width: 32rem;
  background-color: #ffffff;
  border-radius: 1rem;
  -webkit-transition: 0.2s;
  transition: 0.2s;
}

.c3 {
  display: -webkit-box;
  display: -webkit-flex;
  display: -ms-flexbox;
  display: flex;
  -webkit-align-items: center;
  -webkit-box-align: center;
  -ms-flex-align: center;
  align-items: center;
  padding: 16px;
  cursor: pointer;
  z-index: 50;
}

.c4 {
  height: 24px;
  font-size: 2rem;
  margin-right: 16px;
  cursor: pointer;
  color: #a8a8a8;
  overflow: hidden;
  text-overflow: ellipsis;
  display: -webkit-box;
  -webkit-line-clamp: 1;
  line-clamp: 1;
  -webkit-box-orient: vertical;
  -webkit-touch-callout: none;
  -webkit-user-select: none;
  -khtml-user-select: none;
  -moz-user-select: none;
  -ms-user-select: none;
  -webkit-user-select: none;
  -moz-user-select: none;
  -ms-user-select: none;
  user-select: none;
}

.c5 {
  position: fixed;
  top: 0;
  bottom: 0;
  left: 0;
  right: 0;
  z-index: 30;
}

.c0 {
  position: relative;
  width: -webkit-max-content;
  width: -moz-max-content;
  width: max-content;
}

.c0 .c1 {
  border: 0.1rem solid #b1b8be;
}

.c0 .c1:hover {
  border: 0.1rem solid #0f194b;
}

<div
  class="c0"
>
  <div
    aria-label="dropdown-container"
    class="c1 c2"
    role="menu"
  >
    <div
      aria-label="dropdown-header"
      class="c3"
    >
      <title
        aria-label="dropdown-title"
        class="c4"
      >
        title test
      </title>
      <svg
        fill="#215aff"
        viewBox="0 0 21.3 21.3"
        width="16"
        xmlns="http://www.w3.org/2000/svg"
      >
        <path
          d="M19.811 21.067 15.847 17.1a10.129 10.129 0 0 1-3.378 1.35 8.8 8.8 0 0 1-5.387-.528c-2.326-.977-4.417-2.8-6.454-5.938A4.717 4.717 0 0 1 0 10.733c0-.676 1.179-2.233 1.7-2.928a23.087 23.087 0 0 1 2.365-2.483l-3.8-3.8A.889.889 0 0 1 1.517.26l4.425 4.425a.676.676 0 0 1 .051.038.8.8 0 0 1 .156.169L9.4 8.139l.024.024 7.132 7.137.029.029 4.482 4.482a.888.888 0 1 1-1.256 1.256ZM3.985 7.873a25.257 25.257 0 0 0-2.1 2.767 12.963 12.963 0 0 0 5.885 5.648 7.3 7.3 0 0 0 4.244.482 6.718 6.718 0 0 0 2.533-.967l-2.061-2.061a3.555 3.555 0 0 1-4.9-4.9L5.324 6.581c-.363.319-.829.751-1.339 1.292Zm4.89 3.3a1.777 1.777 0 0 0 2.284 1.247l-2.248-2.252a1.776 1.776 0 0 0-.036 1.002Zm9.1 3.03a.889.889 0 0 1-.13-1.25 36.17 36.17 0 0 0 1.64-2.211 13.018 13.018 0 0 0-5.865-5.686 7.341 7.341 0 0 0-4.6-.43.888.888 0 1 1-.431-1.726 9.126 9.126 0 0 1 5.72.516c2.326.977 4.4 2.842 6.433 5.974a4.848 4.848 0 0 1 .6 1.259 8.2 8.2 0 0 1-1.332 2.411c-.346.469-.755.974-.783 1.009a.888.888 0 0 1-1.25.13Z"
          data-name="Caminho 3829"
        />
      </svg>
    </div>
  </div>
  <div
    aria-hidden="true"
    aria-label="dropdown-overlay"
    class="c5"
  />
</div>
`;
