// Jest Snapshot v1, https://goo.gl/fbAQLP

exports[`<SelectLanguage /> should correctly render the selectLanguage component 1`] = `
.c1 {
  position: relative;
}

.c2 {
  padding: 0.4rem;
  display: -webkit-box;
  display: -webkit-flex;
  display: -ms-flexbox;
  display: flex;
  -webkit-align-items: center;
  -webkit-box-align: center;
  -ms-flex-align: center;
  align-items: center;
  -webkit-box-pack: center;
  -webkit-justify-content: center;
  -ms-flex-pack: center;
  justify-content: center;
  cursor: pointer;
}

.c3 {
  width: 4rem;
}

.c4 {
  position: fixed;
  top: 0;
  bottom: 0;
  left: 0;
  right: 0;
  z-index: 30;
}

.c0 {
  position: relative;
  width: -webkit-max-content;
  width: -moz-max-content;
  width: max-content;
}

@media (max-width:768px) {
  .c3 {
    width: 3rem;
  }
}

@media (max-width:480px) {
  .c3 {
    width: 2.5rem;
  }
}

<div
  class="c0"
>
  <div
    class="c1"
    id="select-container"
    role="menu"
  >
    <div
      class="c2"
      id="select-dropdwon_header"
    >
      <img
        alt="selectlanguage country flag_pt-BR"
        class="c3"
        id="select-list_image_header"
        src="icon-flag-brazil.svg"
      />
    </div>
  </div>
  <div
    aria-hidden="true"
    aria-label="dropdown-overlay"
    class="c4"
  />
</div>
`;
